// Jest Snapshot v1, https://goo.gl/fbAQLP

exports[`renders one completed Item 1`] = `
<li
  className="item"
>
  Do test with jest
</li>
`;

exports[`renders one none completed Item 1`] = `
<li
  className="item2"
>
  Do test with jest
  <input
    onChange={[Function]}
    type="checkbox"
  />
</li>
`;
